loadcore_IMPORTS_start
I_RegisterLibraryEntries
I_GetLoadcoreInternalData
loadcore_IMPORTS_end

stdio_IMPORTS_start
I_printf
stdio_IMPORTS_end

sysclib_IMPORTS_start
I_memcpy
I_memmove
I_memset
I_strcmp
I_strncmp
I_strcpy
sysclib_IMPORTS_end

usbd_IMPORTS_start
I_sceUsbdRegisterLdd
I_sceUsbdScanStaticDescriptor
I_sceUsbdOpenPipe
I_sceUsbdOpenPipeAligned
I_sceUsbdClosePipe
I_sceUsbdTransferPipe
usbd_IMPORTS_end

thbase_IMPORTS_start
I_CreateThread
I_StartThread
I_DelayThread
thbase_IMPORTS_end

thevent_IMPORTS_start
I_SetEventFlag
thevent_IMPORTS_end

thsemap_IMPORTS_start
I_CreateSema
I_WaitSema
I_SignalSema
thsemap_IMPORTS_end
